
> safesphere@0.0.0 build
> vite build

[36mvite v8.0.2 [32mbuilding client environment for production...[36m[39m
[2K
transforming...Γ£ô 1935 modules transformed.
node.exe : [31mΓ£ù[39m 
Build failed in 379ms
At line:1 char:1
+ & "C:\Program 
Files\nodejs/node.exe" 
"C:\Program 
Files\nodejs/node_mo ...
+ ~~~~~~~~~~~~~~~~~~~~~~~~
~~~~~~~~~~~~~~~~~~~~~~~~~~
~~~~~~~~~~~~~~~~~~~
    + CategoryInfo        
      : NotSpecified: (  
  [31mΓ£ù[39m Build fa   
 iled in 379ms:String)    
 [], RemoteException
    + FullyQualifiedError 
   Id : NativeCommandErr  
  or
 
[31merror during build:
[31mBuild failed with 2 
errors:

[31m[PARSE_ERROR] 
Error:[0m Identifier 
`safetyScore` has already 
been declared
     [38;5;246mΓò¡[0m[3
8;5;246mΓöÇ[0m[38;5;246m
[[0m src/pages/Dashboard.
jsx:140:9 [38;5;246m][0m
     [38;5;246mΓöé[0m
 [38;5;246m140 Γöé[0m 
[38;5;249m 
[0m[38;5;249m 
[0m[38;5;249m 
[0m[38;5;249m [0m[38;5
;249mc[0m[38;5;249mo[0m
[38;5;249mn[0m[38;5;249
ms[0m[38;5;249mt[0m[38
;5;249m [0m[38;5;249m[[
0msafetyScore[38;5;249m]
[0m[38;5;249m [0m[38;5;
249m=[0m[38;5;249m [0m
[38;5;249mu[0m[38;5;249m
s[0m[38;5;249me[0m[38;
5;249mS[0m[38;5;249mt[0
m[38;5;249ma[0m[38;5;24
9mt[0m[38;5;249me[0m[3
8;5;249m([0m[38;5;249mc
[0m[38;5;249mo[0m[38;5;
249mm[0m[38;5;249mp[0m
[38;5;249mu[0m[38;5;249m
t[0m[38;5;249me[0m[38;
5;249mS[0m[38;5;249ma[0
m[38;5;249mf[0m[38;5;24
9me[0m[38;5;249mt[0m[3
8;5;249my[0m[38;5;249mS
[0m[38;5;249mc[0m[38;5;
249mo[0m[38;5;249mr[0m
[38;5;249me[0m[38;5;249m
)[0m[38;5;249m;[0m
 [38;5;240m    Γöé[0m   
         ΓöÇΓöÇΓöÇΓöÇΓöÇΓö
¼ΓöÇΓöÇΓöÇΓöÇΓöÇ  
 [38;5;240m    Γöé[0m   
              
Γò░ΓöÇΓöÇΓöÇΓöÇΓöÇΓöÇΓöÇ 
`safetyScore` has already 
been declared here
 [38;5;240m    Γöé[0m 
 [38;5;246m155 Γöé[0m 
[38;5;249m 
[0m[38;5;249m 
[0m[38;5;249m 
[0m[38;5;249m [0m[38;5
;249mc[0m[38;5;249mo[0m
[38;5;249mn[0m[38;5;249
ms[0m[38;5;249mt[0m[38
;5;249m [0m[38;5;249m{[
0m[38;5;249m [0m[38;5;2
49ma[0m[38;5;249mc[0m[
38;5;249mt[0m[38;5;249mi
[0m[38;5;249mv[0m[38;5
;249me[0m[38;5;249mC[0m
[38;5;249mo[0m[38;5;249
mn[0m[38;5;249mt[0m[38
;5;249ma[0m[38;5;249mc[
0m[38;5;249mt[0m[38;5;2
49ms[0m[38;5;249m,[0m[
38;5;249m [0m[38;5;249ml
[0m[38;5;249mo[0m[38;5
;249mc[0m[38;5;249ma[0m
[38;5;249mt[0m[38;5;249
mi[0m[38;5;249mo[0m[38
;5;249mn[0m[38;5;249mS[
0m[38;5;249mh[0m[38;5;2
49ma[0m[38;5;249mr[0m[
38;5;249me[0m[38;5;249ms
[0m[38;5;249m,[0m[38;5
;249m [0m[38;5;249mt[0m
[38;5;249mr[0m[38;5;249
mi[0m[38;5;249mp[0m[38
;5;249ms[0m[38;5;249mC[
0m[38;5;249mo[0m[38;5;2
49mm[0m[38;5;249mp[0m[
38;5;249ml[0m[38;5;249me
[0m[38;5;249mt[0m[38;5
;249me[0m[38;5;249md[0m
[38;5;249m,[0m[38;5;249
m [0m[38;5;249ma[0m[38
;5;249mc[0m[38;5;249mt[
0m[38;5;249mi[0m[38;5;2
49mv[0m[38;5;249mi[0m[
38;5;249mt[0m[38;5;249mi
[0m[38;5;249me[0m[38;5
;249ms[0m[38;5;249m,[0m
[38;5;249m [0msafetyScor
e[38;5;249m [0m[38;5;24
9m}[0m[38;5;249m [0m[3
8;5;249m=[0m[38;5;249m 
[0m[38;5;249md[0m[38;5;
249ma[0m[38;5;249ms[0m
[38;5;249mh[0m[38;5;249m
b[0m[38;5;249mo[0m[38;
5;249ma[0m[38;5;249mr[0
m[38;5;249md[0m[38;5;24
9mS[0m[38;5;249mt[0m[3
8;5;249ma[0m[38;5;249mt
[0m[38;5;249ms[0m[38;5;
249m;[0m
 [38;5;240m    Γöé[0m   
                          
                          
                  ΓöÇΓöÇΓö
ÇΓöÇΓöÇΓö¼ΓöÇΓöÇΓöÇΓöÇΓöÇ 
 
 [38;5;240m    Γöé[0m   
                          
                          
                       
Γò░ΓöÇΓöÇΓöÇΓöÇΓöÇΓöÇΓöÇ 
It can not be redeclared 
here
[38;5;246mΓöÇΓöÇΓöÇΓöÇΓöÇ
Γò»[0m

[31m[PARSE_ERROR] 
Error:[0m Identifier 
`formatTimeAgo` has 
already been declared
    [38;5;246mΓò¡[0m[38
;5;246mΓöÇ[0m[38;5;246m[
[0m src/pages/Notificatio
ns.jsx:44:10 
[38;5;246m][0m
    [38;5;246mΓöé[0m
 [38;5;246m44 Γöé[0m [3
8;5;249mf[0m[38;5;249mu
[0m[38;5;249mn[0m[38;5;
249mc[0m[38;5;249mt[0m
[38;5;249mi[0m[38;5;249m
o[0m[38;5;249mn[0m[38;
5;249m [0mformatTimeAgo[
38;5;249m([0m[38;5;249md
[0m[38;5;249ma[0m[38;5
;249mt[0m[38;5;249me[0m
[38;5;249mI[0m[38;5;249
mn[0m[38;5;249mp[0m[38
;5;249mu[0m[38;5;249mt[
0m[38;5;249m)[0m[38;5;2
49m [0m[38;5;249m{[0m
 [38;5;240m   Γöé[0m    
      ΓöÇΓöÇΓöÇΓöÇΓöÇΓöÇΓö
¼ΓöÇΓöÇΓöÇΓöÇΓöÇΓöÇ  
 [38;5;240m   Γöé[0m    
            Γò░ΓöÇΓöÇΓöÇΓö
ÇΓöÇΓöÇΓöÇΓöÇ 
`formatTimeAgo` has 
already been declared here
 [38;5;240m   Γöé[0m 
 [38;5;246m60 Γöé[0m [3
8;5;249mf[0m[38;5;249mu
[0m[38;5;249mn[0m[38;5;
249mc[0m[38;5;249mt[0m
[38;5;249mi[0m[38;5;249m
o[0m[38;5;249mn[0m[38;
5;249m [0mformatTimeAgo[
38;5;249m([0m[38;5;249mt
[0m[38;5;249mi[0m[38;5
;249mm[0m[38;5;249me[0m
[38;5;249ms[0m[38;5;249
mt[0m[38;5;249ma[0m[38
;5;249mm[0m[38;5;249mp[
0m[38;5;249m)[0m[38;5;2
49m [0m[38;5;249m{[0m
 [38;5;240m   Γöé[0m    
      ΓöÇΓöÇΓöÇΓöÇΓöÇΓöÇΓö
¼ΓöÇΓöÇΓöÇΓöÇΓöÇΓöÇ  
 [38;5;240m   Γöé[0m    
            Γò░ΓöÇΓöÇΓöÇΓö
ÇΓöÇΓöÇΓöÇΓöÇ It can not 
be redeclared here
[38;5;246mΓöÇΓöÇΓöÇΓöÇΓò»
[0m
[31m
    at aggregateBindingErr
orsIntoJsError (file:///D:
/Internship/SafeSphere/fro
ntend/node_modules/rolldow
n/dist/shared/error-D8cGyr
C7.mjs:48:18)
    at 
unwrapBindingResult (file:
///D:/Internship/SafeSpher
e/frontend/node_modules/ro
lldown/dist/shared/error-D
8cGyrC7.mjs:18:128)
    at #build (file:///D:/
Internship/SafeSphere/fron
tend/node_modules/rolldown
/dist/shared/rolldown-buil
d-CL9PyQ2E.mjs:3313:34)
    at async 
buildEnvironment (file:///
D:/Internship/SafeSphere/f
rontend/node_modules/vite/
dist/node/chunks/node.js:3
2829:64)
    at async Object.build 
(file:///D:/Internship/Saf
eSphere/frontend/node_modu
les/vite/dist/node/chunks/
node.js:33251:19)
    at async 
Object.buildApp (file:///D
:/Internship/SafeSphere/fr
ontend/node_modules/vite/d
ist/node/chunks/node.js:33
248:153)
    at async 
CAC.<anonymous> (file:///D
:/Internship/SafeSphere/fr
ontend/node_modules/vite/d
ist/node/cli.js:778:3) {
  errors: [Getter/Setter]
}[39m
